Archive member included to satisfy reference by file (symbol)

lib/Debug/libsystem_config.a(init.o)
                              (Entry)
lib/Debug/libsystem_config.a(startup.o)
                              lib/Debug/libsystem_config.a(init.o) (start_boot)
lib/Debug/libsystem_config.a(cp15.o)
                              lib/Debug/libsystem_config.a(startup.o) (CP15VectorBaseAddrSet)
lib/Debug/libsystem_config.a(exceptionhandler.o)
                              lib/Debug/libsystem_config.a(startup.o) (IRQHandler)
lib/Debug/libsystem_config.a(interrupt.o)
                              lib/Debug/libsystem_config.a(exceptionhandler.o) (fnRAMVectors)
lib/Debug/libsystem_config.a(cpu.o)
                              lib/Debug/libsystem_config.a(exceptionhandler.o) (CPUAbortHandler)
/usr/lib/gcc/arm-none-eabi/4.8//libgcc.a(_udivsi3.o)
                              (__aeabi_uidiv)
/usr/lib/gcc/arm-none-eabi/4.8//libgcc.a(_divsi3.o)
                              (__aeabi_idiv)
/usr/lib/gcc/arm-none-eabi/4.8//libgcc.a(_dvmd_tls.o)
                              /usr/lib/gcc/arm-none-eabi/4.8//libgcc.a(_udivsi3.o) (__aeabi_idiv0)

Allocating common symbols
Common symbol       size              file

andar_atual         0x4               Debug/gpioLED.o
fnRAMVectors        0x200             lib/Debug/libsystem_config.a(interrupt.o)
destino             0x4               Debug/gpioLED.o

Discarded input sections

 .text          0x0000000000000000        0x0 Debug/gpioLED.o
 .data          0x0000000000000000        0x0 Debug/gpioLED.o
 .bss           0x0000000000000000        0x0 Debug/gpioLED.o
 .bss.flagToggle
                0x0000000000000000        0x4 Debug/gpioLED.o
 .text          0x0000000000000000        0x0 Debug/gpioLEDBlink.o
 .data          0x0000000000000000        0x0 Debug/gpioLEDBlink.o
 .bss           0x0000000000000000        0x0 Debug/gpioLEDBlink.o
 .data          0x0000000000000000        0x0 lib/Debug/libsystem_config.a(init.o)
 .bss           0x0000000000000000        0x0 lib/Debug/libsystem_config.a(init.o)
 .text          0x0000000000000000        0x0 lib/Debug/libsystem_config.a(startup.o)
 .data          0x0000000000000000        0x0 lib/Debug/libsystem_config.a(startup.o)
 .bss           0x0000000000000000        0x0 lib/Debug/libsystem_config.a(startup.o)
 .rodata.AM335X_VECTOR_BASE
                0x0000000000000000        0x4 lib/Debug/libsystem_config.a(startup.o)
 .data          0x0000000000000000        0x0 lib/Debug/libsystem_config.a(cp15.o)
 .bss           0x0000000000000000        0x0 lib/Debug/libsystem_config.a(cp15.o)
 .data          0x0000000000000000        0x0 lib/Debug/libsystem_config.a(exceptionhandler.o)
 .bss           0x0000000000000000        0x0 lib/Debug/libsystem_config.a(exceptionhandler.o)
 .text          0x0000000000000000        0x0 lib/Debug/libsystem_config.a(interrupt.o)
 .data          0x0000000000000000        0x0 lib/Debug/libsystem_config.a(interrupt.o)
 .bss           0x0000000000000000        0x0 lib/Debug/libsystem_config.a(interrupt.o)
 .text.IntDefaultHandler
                0x0000000000000000       0x18 lib/Debug/libsystem_config.a(interrupt.o)
 .text.IntRegister
                0x0000000000000000       0x38 lib/Debug/libsystem_config.a(interrupt.o)
 .text.IntUnRegister
                0x0000000000000000       0x38 lib/Debug/libsystem_config.a(interrupt.o)
 .text.IntAINTCInit
                0x0000000000000000       0x94 lib/Debug/libsystem_config.a(interrupt.o)
 .text.IntPrioritySet
                0x0000000000000000       0x58 lib/Debug/libsystem_config.a(interrupt.o)
 .text.IntSystemEnable
                0x0000000000000000       0x54 lib/Debug/libsystem_config.a(interrupt.o)
 .text.IntSystemDisable
                0x0000000000000000       0x54 lib/Debug/libsystem_config.a(interrupt.o)
 .text.IntIfClkFreeRunSet
                0x0000000000000000       0x34 lib/Debug/libsystem_config.a(interrupt.o)
 .text.IntIfClkAutoGateSet
                0x0000000000000000       0x34 lib/Debug/libsystem_config.a(interrupt.o)
 .text.IntActiveIrqNumGet
                0x0000000000000000       0x28 lib/Debug/libsystem_config.a(interrupt.o)
 .text.IntSpurIrqFlagGet
                0x0000000000000000       0x2c lib/Debug/libsystem_config.a(interrupt.o)
 .text.IntProtectionEnable
                0x0000000000000000       0x28 lib/Debug/libsystem_config.a(interrupt.o)
 .text.IntProtectionDisable
                0x0000000000000000       0x34 lib/Debug/libsystem_config.a(interrupt.o)
 .text.IntSyncClkFreeRunSet
                0x0000000000000000       0x34 lib/Debug/libsystem_config.a(interrupt.o)
 .text.IntSyncClkAutoGateSet
                0x0000000000000000       0x34 lib/Debug/libsystem_config.a(interrupt.o)
 .text.IntFuncClkFreeRunSet
                0x0000000000000000       0x34 lib/Debug/libsystem_config.a(interrupt.o)
 .text.IntFuncClkAutoGateSet
                0x0000000000000000       0x34 lib/Debug/libsystem_config.a(interrupt.o)
 .text.IntCurrIrqPriorityGet
                0x0000000000000000       0x28 lib/Debug/libsystem_config.a(interrupt.o)
 .text.IntPriorityThresholdGet
                0x0000000000000000       0x28 lib/Debug/libsystem_config.a(interrupt.o)
 .text.IntPriorityThresholdSet
                0x0000000000000000       0x34 lib/Debug/libsystem_config.a(interrupt.o)
 .text.IntRawStatusGet
                0x0000000000000000       0x5c lib/Debug/libsystem_config.a(interrupt.o)
 .text.IntSoftwareIntSet
                0x0000000000000000       0x50 lib/Debug/libsystem_config.a(interrupt.o)
 .text.IntSoftwareIntClear
                0x0000000000000000       0x50 lib/Debug/libsystem_config.a(interrupt.o)
 .text.IntPendingIrqMaskedStatusGet
                0x0000000000000000       0x58 lib/Debug/libsystem_config.a(interrupt.o)
 .text.IntMasterIRQEnable
                0x0000000000000000       0x1c lib/Debug/libsystem_config.a(interrupt.o)
 .text.IntMasterIRQDisable
                0x0000000000000000       0x1c lib/Debug/libsystem_config.a(interrupt.o)
 .text.IntMasterFIQEnable
                0x0000000000000000       0x1c lib/Debug/libsystem_config.a(interrupt.o)
 .text.IntMasterFIQDisable
                0x0000000000000000       0x1c lib/Debug/libsystem_config.a(interrupt.o)
 .text.IntMasterStatusGet
                0x0000000000000000       0x20 lib/Debug/libsystem_config.a(interrupt.o)
 .text.IntDisable
                0x0000000000000000       0x3c lib/Debug/libsystem_config.a(interrupt.o)
 .text.IntEnable
                0x0000000000000000       0x38 lib/Debug/libsystem_config.a(interrupt.o)
 .text          0x0000000000000000        0x0 lib/Debug/libsystem_config.a(cpu.o)
 .data          0x0000000000000000        0x0 lib/Debug/libsystem_config.a(cpu.o)
 .bss           0x0000000000000000        0x0 lib/Debug/libsystem_config.a(cpu.o)
 .text.CPUSwitchToPrivilegedMode
                0x0000000000000000       0x1c lib/Debug/libsystem_config.a(cpu.o)
 .text.CPUSwitchToUserMode
                0x0000000000000000       0x28 lib/Debug/libsystem_config.a(cpu.o)
 .text.CPUAbortHandler
                0x0000000000000000       0x18 lib/Debug/libsystem_config.a(cpu.o)
 .text.CPUIntStatus
                0x0000000000000000       0x2c lib/Debug/libsystem_config.a(cpu.o)
 .text.CPUirqd  0x0000000000000000       0x28 lib/Debug/libsystem_config.a(cpu.o)
 .text.CPUirqe  0x0000000000000000       0x28 lib/Debug/libsystem_config.a(cpu.o)
 .text.CPUfiqd  0x0000000000000000       0x28 lib/Debug/libsystem_config.a(cpu.o)
 .text.CPUfiqe  0x0000000000000000       0x28 lib/Debug/libsystem_config.a(cpu.o)
 .debug_info    0x0000000000000000       0xcc lib/Debug/libsystem_config.a(cpu.o)
 .debug_abbrev  0x0000000000000000       0x62 lib/Debug/libsystem_config.a(cpu.o)
 .debug_aranges
                0x0000000000000000       0x58 lib/Debug/libsystem_config.a(cpu.o)
 .debug_ranges  0x0000000000000000       0x48 lib/Debug/libsystem_config.a(cpu.o)
 .debug_line    0x0000000000000000       0xd8 lib/Debug/libsystem_config.a(cpu.o)
 .debug_str     0x0000000000000000      0x1ce lib/Debug/libsystem_config.a(cpu.o)
 .comment       0x0000000000000000       0x6f lib/Debug/libsystem_config.a(cpu.o)
 .debug_frame   0x0000000000000000      0x110 lib/Debug/libsystem_config.a(cpu.o)
 .ARM.attributes
                0x0000000000000000       0x3b lib/Debug/libsystem_config.a(cpu.o)
 .data          0x0000000000000000        0x0 /usr/lib/gcc/arm-none-eabi/4.8//libgcc.a(_udivsi3.o)
 .bss           0x0000000000000000        0x0 /usr/lib/gcc/arm-none-eabi/4.8//libgcc.a(_udivsi3.o)
 .data          0x0000000000000000        0x0 /usr/lib/gcc/arm-none-eabi/4.8//libgcc.a(_divsi3.o)
 .bss           0x0000000000000000        0x0 /usr/lib/gcc/arm-none-eabi/4.8//libgcc.a(_divsi3.o)
 .data          0x0000000000000000        0x0 /usr/lib/gcc/arm-none-eabi/4.8//libgcc.a(_dvmd_tls.o)
 .bss           0x0000000000000000        0x0 /usr/lib/gcc/arm-none-eabi/4.8//libgcc.a(_dvmd_tls.o)

Memory Configuration

Name             Origin             Length             Attributes
DDR0             0x0000000080000000 0x0000000010000000
*default*        0x0000000000000000 0xffffffffffffffff

Linker script and memory map

LOAD Debug/gpioLED.o
LOAD Debug/gpioLEDBlink.o
LOAD lib/Debug/libsystem_config.a
LOAD /usr/lib/arm-none-eabi/lib/libc.a
LOAD /usr/lib/gcc/arm-none-eabi/4.8//libgcc.a
LOAD lib/Debug/libsystem_config.a

.startcode      0x0000000080000000       0xb4
                0x0000000080000000                . = ALIGN (0x4)
 *init.o(.text)
 .text          0x0000000080000000       0xb4 lib/Debug/libsystem_config.a(init.o)
                0x0000000080000000                Entry

.text           0x00000000800000b4     0x11c0
                0x00000000800000b4                . = ALIGN (0x4)
 *(.text*)
 .text.GPIO1_ModuleClkConfig
                0x00000000800000b4       0x4c Debug/gpioLED.o
 .text.GPIOPinMuxSetup
                0x0000000080000100       0xac Debug/gpioLED.o
 .text.GPIOModuleEnable
                0x00000000800001ac       0x38 Debug/gpioLED.o
 .text.GPIODirModeSet
                0x00000000800001e4       0x88 Debug/gpioLED.o
 .text.GPIOPinWrite
                0x000000008000026c       0x64 Debug/gpioLED.o
                0x000000008000026c                GPIOPinWrite
 .text.ledInit  0x00000000800002d0      0x230 Debug/gpioLED.o
                0x00000000800002d0                ledInit
 .text.acender  0x0000000080000500       0x54 Debug/gpioLED.o
                0x0000000080000500                acender
 .text.apagar   0x0000000080000554       0x54 Debug/gpioLED.o
                0x0000000080000554                apagar
 .text.valorbot
                0x00000000800005a8       0x50 Debug/gpioLED.o
                0x00000000800005a8                valorbot
 .text.sinal    0x00000000800005f8       0x74 Debug/gpioLED.o
                0x00000000800005f8                sinal
 .text.acender_display
                0x000000008000066c       0xa0 Debug/gpioLED.o
                0x000000008000066c                acender_display
 .text.delay    0x000000008000070c       0x38 Debug/gpioLED.o
 .text.init     0x0000000080000744      0x114 Debug/gpioLED.o
                0x0000000080000744                init
 .text.exec     0x0000000080000858      0x134 Debug/gpioLED.o
                0x0000000080000858                exec
 .text.main     0x000000008000098c       0x20 Debug/gpioLEDBlink.o
                0x000000008000098c                main
 .text.start_boot
                0x00000000800009ac       0x24 lib/Debug/libsystem_config.a(startup.o)
                0x00000000800009ac                start_boot
 .text.CopyVectorTable
                0x00000000800009d0       0x94 lib/Debug/libsystem_config.a(startup.o)
 .text          0x0000000080000a64      0x488 lib/Debug/libsystem_config.a(cp15.o)
                0x0000000080000a64                CP15ICacheDisable
                0x0000000080000a80                CP15DCacheDisable
                0x0000000080000a9c                CP15ICacheEnable
                0x0000000080000aac                CP15DCacheEnable
                0x0000000080000abc                CP15DCacheFlush
                0x0000000080000b50                CP15DCacheClean
                0x0000000080000be4                CP15DCacheCleanFlush
                0x0000000080000c78                CP15ICacheFlush
                0x0000000080000c88                CP15DCacheCleanBuff
                0x0000000080000cdc                CP15DCacheCleanFlushBuff
                0x0000000080000d30                CP15DCacheFlushBuff
                0x0000000080000d94                CP15ICacheFlushBuff
                0x0000000080000de8                CP15Ttb0Set
                0x0000000080000df4                CP15TlbInvalidate
                0x0000000080000e00                CP15MMUDisable
                0x0000000080000e18                CP15MMUEnable
                0x0000000080000e2c                CP15VectorBaseAddrSet
                0x0000000080000e38                CP15BranchPredictorInvalidate
                0x0000000080000e44                CP15BranchPredictionEnable
                0x0000000080000e54                CP15BranchPredictionDisable
                0x0000000080000e64                CP15DomainAccessClientSet
                0x0000000080000e74                CP15ControlFeatureDisable
                0x0000000080000e88                CP15ControlFeatureEnable
                0x0000000080000e9c                CP15TtbCtlTtb0Config
                0x0000000080000eac                CP15AuxControlFeatureEnable
                0x0000000080000ec0                CP15AuxControlFeatureDisable
                0x0000000080000ed4                CP15MainIdPrimPartNumGet
 .text          0x0000000080000eec       0xf0 lib/Debug/libsystem_config.a(exceptionhandler.o)
                0x0000000080000eec                SVC_Handler
                0x0000000080000f14                IRQHandler
                0x0000000080000fc0                FIQHandler
                0x0000000080000fc4                UndefInstHandler
                0x0000000080000fc4                AbortHandler
 .text          0x0000000080000fdc      0x114 /usr/lib/gcc/arm-none-eabi/4.8//libgcc.a(_udivsi3.o)
                0x0000000080000fdc                __udivsi3
                0x0000000080000fdc                __aeabi_uidiv
                0x00000000800010d0                __aeabi_uidivmod
 .text          0x00000000800010f0      0x148 /usr/lib/gcc/arm-none-eabi/4.8//libgcc.a(_divsi3.o)
                0x00000000800010f0                __aeabi_idiv
                0x00000000800010f0                __divsi3
                0x0000000080001218                __aeabi_idivmod
 .text          0x0000000080001238        0x4 /usr/lib/gcc/arm-none-eabi/4.8//libgcc.a(_dvmd_tls.o)
                0x0000000080001238                __aeabi_ldiv0
                0x0000000080001238                __aeabi_idiv0
 *(.rodata*)
 .rodata.vecTbl
                0x000000008000123c       0x38 lib/Debug/libsystem_config.a(startup.o)

.glue_7         0x0000000080001274        0x0
 .glue_7        0x0000000080001274        0x0 linker stubs

.glue_7t        0x0000000080001274        0x0
 .glue_7t       0x0000000080001274        0x0 linker stubs

.vfp11_veneer   0x0000000080001274        0x0
 .vfp11_veneer  0x0000000080001274        0x0 linker stubs

.v4_bx          0x0000000080001274        0x0
 .v4_bx         0x0000000080001274        0x0 linker stubs

.iplt           0x0000000080001274        0x0
 .iplt          0x0000000080001274        0x0 Debug/gpioLED.o

.rel.dyn        0x0000000080001274        0x0
 .rel.iplt      0x0000000080001274        0x0 Debug/gpioLED.o

.data           0x0000000080001274       0x88
                0x0000000080001274                . = ALIGN (0x4)
 *(.data*)
 .data.botao    0x0000000080001274        0xc Debug/gpioLED.o
                0x0000000080001274                botao
 .data.elevador
                0x0000000080001280        0xc Debug/gpioLED.o
                0x0000000080001280                elevador
 .data.display  0x000000008000128c       0x1c Debug/gpioLED.o
                0x000000008000128c                display
 .data.numeros  0x00000000800012a8       0x54 Debug/gpioLED.o
                0x00000000800012a8                numeros

.igot.plt       0x00000000800012fc        0x0
 .igot.plt      0x00000000800012fc        0x0 Debug/gpioLED.o

.bss            0x00000000800012fc      0x208
                0x00000000800012fc                . = ALIGN (0x4)
                0x00000000800012fc                _bss_start = .
 *(.bss*)
 *(COMMON)
 COMMON         0x00000000800012fc        0x8 Debug/gpioLED.o
                0x00000000800012fc                andar_atual
                0x0000000080001300                destino
 COMMON         0x0000000080001304      0x200 lib/Debug/libsystem_config.a(interrupt.o)
                0x0000000080001304                fnRAMVectors
                0x0000000080001504                _bss_end = .

.heap           0x0000000080001504      0x800
                0x0000000080001504                . = ALIGN (0x4)
                0x0000000080001504                __end__ = .
                0x0000000080001504                end = __end__
                0x0000000080001504                __HeapBase = __end__
 *(.heap*)
                0x0000000080001d04                . = (. + 0x800)
 *fill*         0x0000000080001504      0x800 
                0x0000000080001d04                __HeapLimit = .

.stack          0x0000000080001d04  0x7fffff8
                0x0000000080001d04                . = ALIGN (0x4)
                0x0000000080001d04                __StackLimit = .
 *(.stack*)
                0x0000000088001cfc                . = (. + 0x7fffff8)
 *fill*         0x0000000080001d04  0x7fffff8 
                0x0000000088001cfc                __StackTop = .
                0x0000000088001cfc                _stack = __StackTop
OUTPUT(Debug/gpioMarisa.out elf32-littlearm)

.debug_info     0x0000000000000000      0xcc1
 .debug_info    0x0000000000000000      0x411 Debug/gpioLED.o
 .debug_info    0x0000000000000411       0x57 Debug/gpioLEDBlink.o
 .debug_info    0x0000000000000468       0x9f lib/Debug/libsystem_config.a(init.o)
 .debug_info    0x0000000000000507       0xd2 lib/Debug/libsystem_config.a(startup.o)
 .debug_info    0x00000000000005d9       0x9f lib/Debug/libsystem_config.a(cp15.o)
 .debug_info    0x0000000000000678       0xb2 lib/Debug/libsystem_config.a(exceptionhandler.o)
 .debug_info    0x000000000000072a      0x3cf lib/Debug/libsystem_config.a(interrupt.o)
 .debug_info    0x0000000000000af9       0x98 /usr/lib/gcc/arm-none-eabi/4.8//libgcc.a(_udivsi3.o)
 .debug_info    0x0000000000000b91       0x98 /usr/lib/gcc/arm-none-eabi/4.8//libgcc.a(_divsi3.o)
 .debug_info    0x0000000000000c29       0x98 /usr/lib/gcc/arm-none-eabi/4.8//libgcc.a(_dvmd_tls.o)

.debug_abbrev   0x0000000000000000      0x4cf
 .debug_abbrev  0x0000000000000000      0x1b3 Debug/gpioLED.o
 .debug_abbrev  0x00000000000001b3       0x42 Debug/gpioLEDBlink.o
 .debug_abbrev  0x00000000000001f5       0x14 lib/Debug/libsystem_config.a(init.o)
 .debug_abbrev  0x0000000000000209       0xa2 lib/Debug/libsystem_config.a(startup.o)
 .debug_abbrev  0x00000000000002ab       0x14 lib/Debug/libsystem_config.a(cp15.o)
 .debug_abbrev  0x00000000000002bf       0x14 lib/Debug/libsystem_config.a(exceptionhandler.o)
 .debug_abbrev  0x00000000000002d3      0x1c0 lib/Debug/libsystem_config.a(interrupt.o)
 .debug_abbrev  0x0000000000000493       0x14 /usr/lib/gcc/arm-none-eabi/4.8//libgcc.a(_udivsi3.o)
 .debug_abbrev  0x00000000000004a7       0x14 /usr/lib/gcc/arm-none-eabi/4.8//libgcc.a(_divsi3.o)
 .debug_abbrev  0x00000000000004bb       0x14 /usr/lib/gcc/arm-none-eabi/4.8//libgcc.a(_dvmd_tls.o)

.debug_aranges  0x0000000000000000      0x2a0
 .debug_aranges
                0x0000000000000000       0x88 Debug/gpioLED.o
 .debug_aranges
                0x0000000000000088       0x20 Debug/gpioLEDBlink.o
 .debug_aranges
                0x00000000000000a8       0x20 lib/Debug/libsystem_config.a(init.o)
 .debug_aranges
                0x00000000000000c8       0x28 lib/Debug/libsystem_config.a(startup.o)
 .debug_aranges
                0x00000000000000f0       0x20 lib/Debug/libsystem_config.a(cp15.o)
 .debug_aranges
                0x0000000000000110       0x20 lib/Debug/libsystem_config.a(exceptionhandler.o)
 .debug_aranges
                0x0000000000000130      0x110 lib/Debug/libsystem_config.a(interrupt.o)
 .debug_aranges
                0x0000000000000240       0x20 /usr/lib/gcc/arm-none-eabi/4.8//libgcc.a(_udivsi3.o)
 .debug_aranges
                0x0000000000000260       0x20 /usr/lib/gcc/arm-none-eabi/4.8//libgcc.a(_divsi3.o)
 .debug_aranges
                0x0000000000000280       0x20 /usr/lib/gcc/arm-none-eabi/4.8//libgcc.a(_dvmd_tls.o)

.debug_ranges   0x0000000000000000      0x1a0
 .debug_ranges  0x0000000000000000       0x78 Debug/gpioLED.o
 .debug_ranges  0x0000000000000078       0x10 Debug/gpioLEDBlink.o
 .debug_ranges  0x0000000000000088       0x18 lib/Debug/libsystem_config.a(startup.o)
 .debug_ranges  0x00000000000000a0      0x100 lib/Debug/libsystem_config.a(interrupt.o)

.debug_line     0x0000000000000000      0x9de
 .debug_line    0x0000000000000000      0x20e Debug/gpioLED.o
 .debug_line    0x000000000000020e       0x44 Debug/gpioLEDBlink.o
 .debug_line    0x0000000000000252       0x8d lib/Debug/libsystem_config.a(init.o)
 .debug_line    0x00000000000002df       0x90 lib/Debug/libsystem_config.a(startup.o)
 .debug_line    0x000000000000036f      0x184 lib/Debug/libsystem_config.a(cp15.o)
 .debug_line    0x00000000000004f3       0xb3 lib/Debug/libsystem_config.a(exceptionhandler.o)
 .debug_line    0x00000000000005a6      0x2b7 lib/Debug/libsystem_config.a(interrupt.o)
 .debug_line    0x000000000000085d       0x8a /usr/lib/gcc/arm-none-eabi/4.8//libgcc.a(_udivsi3.o)
 .debug_line    0x00000000000008e7       0x96 /usr/lib/gcc/arm-none-eabi/4.8//libgcc.a(_divsi3.o)
 .debug_line    0x000000000000097d       0x61 /usr/lib/gcc/arm-none-eabi/4.8//libgcc.a(_dvmd_tls.o)

.debug_str      0x0000000000000000      0x75e
 .debug_str     0x0000000000000000      0x2f9 Debug/gpioLED.o
                                        0x301 (size before relaxing)
 .debug_str     0x00000000000002f9       0x18 Debug/gpioLEDBlink.o
                                         0xdd (size before relaxing)
 .debug_str     0x0000000000000311      0x192 lib/Debug/libsystem_config.a(startup.o)
                                        0x1bc (size before relaxing)
 .debug_str     0x00000000000004a3      0x2bb lib/Debug/libsystem_config.a(interrupt.o)
                                        0x407 (size before relaxing)

.comment        0x0000000000000000       0x8e
 .comment       0x0000000000000000       0x20 Debug/gpioLED.o
                                         0x21 (size before relaxing)
 .comment       0x0000000000000020       0x21 Debug/gpioLEDBlink.o
 .comment       0x0000000000000020       0x6e lib/Debug/libsystem_config.a(startup.o)
                                         0x6f (size before relaxing)
 .comment       0x000000000000008e       0x6f lib/Debug/libsystem_config.a(interrupt.o)

.ARM.attributes
                0x0000000000000000       0x39
 .ARM.attributes
                0x0000000000000000       0x37 Debug/gpioLED.o
 .ARM.attributes
                0x0000000000000037       0x37 Debug/gpioLEDBlink.o
 .ARM.attributes
                0x000000000000006e       0x29 lib/Debug/libsystem_config.a(init.o)
 .ARM.attributes
                0x0000000000000097       0x3b lib/Debug/libsystem_config.a(startup.o)
 .ARM.attributes
                0x00000000000000d2       0x29 lib/Debug/libsystem_config.a(cp15.o)
 .ARM.attributes
                0x00000000000000fb       0x29 lib/Debug/libsystem_config.a(exceptionhandler.o)
 .ARM.attributes
                0x0000000000000124       0x3b lib/Debug/libsystem_config.a(interrupt.o)
 .ARM.attributes
                0x000000000000015f       0x18 /usr/lib/gcc/arm-none-eabi/4.8//libgcc.a(_udivsi3.o)
 .ARM.attributes
                0x0000000000000177       0x18 /usr/lib/gcc/arm-none-eabi/4.8//libgcc.a(_divsi3.o)
 .ARM.attributes
                0x000000000000018f       0x18 /usr/lib/gcc/arm-none-eabi/4.8//libgcc.a(_dvmd_tls.o)

.debug_frame    0x0000000000000000      0x610
 .debug_frame   0x0000000000000000      0x17c Debug/gpioLED.o
 .debug_frame   0x000000000000017c       0x2c Debug/gpioLEDBlink.o
 .debug_frame   0x00000000000001a8       0x4c lib/Debug/libsystem_config.a(startup.o)
 .debug_frame   0x00000000000001f4      0x3dc lib/Debug/libsystem_config.a(interrupt.o)
 .debug_frame   0x00000000000005d0       0x20 /usr/lib/gcc/arm-none-eabi/4.8//libgcc.a(_udivsi3.o)
 .debug_frame   0x00000000000005f0       0x20 /usr/lib/gcc/arm-none-eabi/4.8//libgcc.a(_divsi3.o)
